
> wathsaas-backend@1.0.0 test
> jest

node.exe : [31m[Nest] 13500  - [39m15/01/2026, 12:39:46 [31m  ERROR[39m [38;5;3m[EvolutionAdapter] [39m[31mFailed to create Evolution instance: Evolution API error: 500 - 
{"error":"Internal Server Error"}[39m
No linha:1 caractere:1
+ & "C:\Program Files\nodejs/node.exe" "C:\Program Files\nodejs/node_mo ...
+ ~~~~~~~~~~~~~~~~~~~~~~~~~~~~~~~~~~~~~~~~~~~~~~~~~~~~~~~~~~~~~~~~~~~~~
    + CategoryInfo          : NotSpecified: ([31m[Nest] 135...er Error"}[39m:String) [], RemoteException
    + FullyQualifiedErrorId : NativeCommandError
 
[32m[Nest] 13500  - [39m15/01/2026, 12:39:46 [32m    LOG[39m [38;5;3m[EvolutionAdapter] [39m[32mEvolution API configured: http://evolution-api:8080[39m
[32m[Nest] 13500  - [39m15/01/2026, 12:39:46 [32m    LOG[39m [38;5;3m[EvolutionAdapter] [39m[32mEvolution API configured: http://evolution-api:8080[39m
[95m[Nest] 13500  - [39m15/01/2026, 12:39:46 [95m  DEBUG[39m [38;5;3m[EvolutionAdapter] [39m[95mGET /instance/fetchInstances[39m
[95m[Nest] 13500  - [39m15/01/2026, 12:39:46 [95m  DEBUG[39m [38;5;3m[EvolutionAdapter] [39m[95mPOST /instance/create[39m
[32m[Nest] 13500  - [39m15/01/2026, 12:39:46 [32m    LOG[39m [38;5;3m[EvolutionAdapter] [39m[32mCreated Evolution instance: test-instance[39m
[32m[Nest] 31508  - [39m15/01/2026, 12:39:46 [32m    LOG[39m [38;5;3m[WwebjsAdapter] [39m[32mWWebJS API configured: http://wwebjs-api:3000[39m
[32m[Nest] 31508  - [39m15/01/2026, 12:39:46 [32m    LOG[39m [38;5;3m[WwebjsAdapter] [39m[32mWWebJS API configured: http://wwebjs-api:3000[39m
[32m[Nest] 31508  - [39m15/01/2026, 12:39:46 [32m    LOG[39m [38;5;3m[WwebjsAdapter] [39m[32mCreating WWebJS session: test-instance[39m
[95m[Nest] 31508  - [39m15/01/2026, 12:39:46 [95m  DEBUG[39m [38;5;3m[WwebjsAdapter] [39m[95mGET /session/start/test-instance[39m
[32m[Nest] 13500  - [39m15/01/2026, 12:39:46 [32m    LOG[39m [38;5;3m[EvolutionAdapter] [39m[32mEvolution API configured: http://evolution-api:8080[39m
[32m[Nest] 31508  - [39m15/01/2026, 12:39:46 [32m    LOG[39m [38;5;3m[WwebjsAdapter] [39m[32mSession started: test-instance[39m
[95m[Nest] 13500  - [39m15/01/2026, 12:39:46 [95m  DEBUG[39m [38;5;3m[EvolutionAdapter] [39m[95mGET /instance/fetchInstances[39m
[32m[Nest] 13500  - [39m15/01/2026, 12:39:46 [32m    LOG[39m [38;5;3m[EvolutionAdapter] [39m[32mInstance 'test-instance' already exists, reusing[39m
[32m[Nest] 31508  - [39m15/01/2026, 12:39:46 [32m    LOG[39m [38;5;3m[WwebjsAdapter] [39m[32mWWebJS API configured: http://wwebjs-api:3000[39m
[32m[Nest] 31508  - [39m15/01/2026, 12:39:46 [32m    LOG[39m [38;5;3m[WwebjsAdapter] [39m[32mCreating WWebJS session: test-instance[39m
[32m[Nest] 13500  - [39m15/01/2026, 12:39:46 [32m    LOG[39m [38;5;3m[EvolutionAdapter] [39m[32mEvolution API configured: http://evolution-api:8080[39m
[95m[Nest] 31508  - [39m15/01/2026, 12:39:46 [95m  DEBUG[39m [38;5;3m[WwebjsAdapter] [39m[95mGET /session/start/test-instance[39m
[32m[Nest] 31508  - [39m15/01/2026, 12:39:46 [32m    LOG[39m [38;5;3m[WwebjsAdapter] [39m[32mSession 'test-instance' already exists[39m
[95m[Nest] 13500  - [39m15/01/2026, 12:39:46 [95m  DEBUG[39m [38;5;3m[EvolutionAdapter] [39m[95mGET /instance/fetchInstances[39m
[95m[Nest] 13500  - [39m15/01/2026, 12:39:46 [95m  DEBUG[39m [38;5;3m[EvolutionAdapter] [39m[95mPOST /instance/create[39m
[32m[Nest] 31508  - [39m15/01/2026, 12:39:46 [32m    LOG[39m [38;5;3m[WwebjsAdapter] [39m[32mWWebJS API configured: http://wwebjs-api:3000[39m
[32m[Nest] 31508  - [39m15/01/2026, 12:39:46 [32m    LOG[39m [38;5;3m[WwebjsAdapter] [39m[32mFetching QR Code for session: test-instance[39m
[95m[Nest] 31508  - [39m15/01/2026, 12:39:46 [95m  DEBUG[39m [38;5;3m[WwebjsAdapter] [39m[95mGET /session/qr/test-instance/image[39m
[32m[Nest] 31508  - [39m15/01/2026, 12:39:46 [32m    LOG[39m [38;5;3m[WwebjsAdapter] [39m[32mWWebJS API configured: http://wwebjs-api:3000[39m
[32m[Nest] 31508  - [39m15/01/2026, 12:39:46 [32m    LOG[39m [38;5;3m[WwebjsAdapter] [39m[32mFetching QR Code for session: test-instance[39m
[95m[Nest] 31508  - [39m15/01/2026, 12:39:46 [95m  DEBUG[39m [38;5;3m[WwebjsAdapter] [39m[95mGET /session/qr/test-instance/image[39m
[95m[Nest] 31508  - [39m15/01/2026, 12:39:46 [95m  DEBUG[39m [38;5;3m[WwebjsAdapter] [39m[95mGET /session/status/test-instance[39m
[95m[Nest] 31508  - [39m15/01/2026, 12:39:46 [95m  DEBUG[39m [38;5;3m[WwebjsAdapter] [39m[95mQR retry 1/10: WWebJS API error: 404 - {"error":"Not found"}[39m
[32m[Nest] 13500  - [39m15/01/2026, 12:39:46 [32m    LOG[39m [38;5;3m[EvolutionAdapter] [39m[32mEvolution API configured: http://evolution-api:8080[39m
[32m[Nest] 13500  - [39m15/01/2026, 12:39:46 [32m    LOG[39m [38;5;3m[EvolutionAdapter] [39m[32mFetching QR Code for instance: test-instance[39m
[95m[Nest] 13500  - [39m15/01/2026, 12:39:46 [95m  DEBUG[39m [38;5;3m[EvolutionAdapter] [39m[95mGET /instance/connect/test-instance[39m
[95m[Nest] 13500  - [39m15/01/2026, 12:39:46 [95m  DEBUG[39m [38;5;3m[EvolutionAdapter] [39m[95mQR response (attempt 1): {"base64":"data:image/png;base64,iVBORw0KGgoAAAANSUhEUgAA..."}...[39m
[32m[Nest] 13500  - [39m15/01/2026, 12:39:46 [32m    LOG[39m [38;5;3m[EvolutionAdapter] [39m[32mQR Code retrieved successfully (direct base64)[39m
[32m[Nest] 13500  - [39m15/01/2026, 12:39:46 [32m    LOG[39m [38;5;3m[EvolutionAdapter] [39m[32mEvolution API configured: http://evolution-api:8080[39m
[32m[Nest] 13500  - [39m15/01/2026, 12:39:46 [32m    LOG[39m [38;5;3m[EvolutionAdapter] [39m[32mFetching QR Code for instance: test-instance[39m
[95m[Nest] 13500  - [39m15/01/2026, 12:39:46 [95m  DEBUG[39m [38;5;3m[EvolutionAdapter] [39m[95mGET /instance/connect/test-instance[39m
[95m[Nest] 13500  - [39m15/01/2026, 12:39:46 [95m  DEBUG[39m [38;5;3m[EvolutionAdapter] [39m[95mQR response (attempt 1): {"qrcode":{"base64":"iVBORw0KGgoAAAANSUhEUgAA..."}}...[39m
[32m[Nest] 13500  - [39m15/01/2026, 12:39:46 [32m    LOG[39m [38;5;3m[EvolutionAdapter] [39m[32mQR Code retrieved successfully (qrcode.base64)[39m
[32m[Nest] 13500  - [39m15/01/2026, 12:39:46 [32m    LOG[39m [38;5;3m[EvolutionAdapter] [39m[32mEvolution API configured: http://evolution-api:8080[39m
[32m[Nest] 13500  - [39m15/01/2026, 12:39:46 [32m    LOG[39m [38;5;3m[EvolutionAdapter] [39m[32mFetching QR Code for instance: test-instance[39m
[95m[Nest] 13500  - [39m15/01/2026, 12:39:46 [95m  DEBUG[39m [38;5;3m[EvolutionAdapter] [39m[95mGET /instance/connect/test-instance[39m
[95m[Nest] 13500  - [39m15/01/2026, 12:39:46 [95m  DEBUG[39m [38;5;3m[EvolutionAdapter] [39m[95mQR response (attempt 1): {"code":"2@ABC123XYZ"}...[39m
[32m[Nest] 13500  - [39m15/01/2026, 12:39:46 [32m    LOG[39m [38;5;3m[EvolutionAdapter] [39m[32mGot raw QR code string, returning for frontend to render[39m
[32m[Nest] 13500  - [39m15/01/2026, 12:39:46 [32m    LOG[39m [38;5;3m[EvolutionAdapter] [39m[32mEvolution API configured: http://evolution-api:8080[39m
[32m[Nest] 13500  - [39m15/01/2026, 12:39:46 [32m    LOG[39m [38;5;3m[EvolutionAdapter] [39m[32mFetching QR Code for instance: test-instance[39m
[95m[Nest] 13500  - [39m15/01/2026, 12:39:46 [95m  DEBUG[39m [38;5;3m[EvolutionAdapter] [39m[95mGET /instance/connect/test-instance[39m
[95m[Nest] 13500  - [39m15/01/2026, 12:39:46 [95m  DEBUG[39m [38;5;3m[EvolutionAdapter] [39m[95mQR response (attempt 1): {"count":0}...[39m
[33m[Nest] 13500  - [39m15/01/2026, 12:39:46 [33m   WARN[39m [38;5;3m[EvolutionAdapter] [39m[33mQR not ready yet (count: 0), retry 1/10...[39m
[31m[Nest] 4000  - [39m15/01/2026, 12:39:47 [31m  ERROR[39m [38;5;3m[AiService] [39m[31mAnthropic Error: Network error[39m
FAIL src/modules/ai/ai.service.spec.ts
  ÔùÅ AiService ÔÇ║ generateWarmupConversation ÔÇ║ should generate warmup conversation

    TypeError: expect(received).toHaveLength(expected)

    Matcher error: received value must have a length property whose value must be a number

    Received has value: undefined

    [0m [90m 130 |[39m             })[33m;[39m
     [90m 131 |[39m
    [31m[1m>[22m[39m[90m 132 |[39m             expect(result)[33m.[39mtoHaveLength([35m5[39m)[33m;[39m
     [90m     |[39m                            [31m[1m^[22m[39m
     [90m 133 |[39m             expect(result[[35m0[39m])[33m.[39mtoHaveProperty([32m'role'[39m)[33m;[39m
     [90m 134 |[39m             expect(result[[35m0[39m])[33m.[39mtoHaveProperty([32m'content'[39m)[33m;[39m
     [90m 135 |[39m         })[33m;[39m[0m

      at Object.<anonymous> (modules/ai/ai.service.spec.ts:132:28)

[95m[Nest] 31508  - [39m15/01/2026, 12:39:48 [95m  DEBUG[39m [38;5;3m[WwebjsAdapter] [39m[95mGET /session/qr/test-instance/image[39m
[95m[Nest] 31508  - [39m15/01/2026, 12:39:48 [95m  DEBUG[39m [38;5;3m[WwebjsAdapter] [39m[95mGET /session/qr/test-instance[39m
[33m[Nest] 31508  - [39m15/01/2026, 12:39:48 [33m   WARN[39m [38;5;3m[WwebjsAdapter] [39m[33mNo QR in response, retry 2/10...[39m
[95m[Nest] 13500  - [39m15/01/2026, 12:39:48 [95m  DEBUG[39m [38;5;3m[EvolutionAdapter] [39m[95mGET /instance/connect/test-instance[39m
[95m[Nest] 13500  - [39m15/01/2026, 12:39:48 [95m  DEBUG[39m [38;5;3m[EvolutionAdapter] [39m[95mQR response (attempt 2): {"base64":"data:image/png;base64,qrData"}...[39m
[32m[Nest] 13500  - [39m15/01/2026, 12:39:48 [32m    LOG[39m [38;5;3m[EvolutionAdapter] [39m[32mQR Code retrieved successfully (direct base64)[39m
[32m[Nest] 13500  - [39m15/01/2026, 12:39:48 [32m    LOG[39m [38;5;3m[EvolutionAdapter] [39m[32mEvolution API configured: http://evolution-api:8080[39m
[95m[Nest] 13500  - [39m15/01/2026, 12:39:48 [95m  DEBUG[39m [38;5;3m[EvolutionAdapter] [39m[95mGET /instance/connectionState/test-instance[39m
[95m[Nest] 13500  - [39m15/01/2026, 12:39:48 [95m  DEBUG[39m [38;5;3m[EvolutionAdapter] [39m[95mInstance test-instance state: open[39m
[32m[Nest] 13500  - [39m15/01/2026, 12:39:48 [32m    LOG[39m [38;5;3m[EvolutionAdapter] [39m[32mEvolution API configured: http://evolution-api:8080[39m
[95m[Nest] 13500  - [39m15/01/2026, 12:39:48 [95m  DEBUG[39m [38;5;3m[EvolutionAdapter] [39m[95mGET /instance/connectionState/test-instance[39m
[95m[Nest] 13500  - [39m15/01/2026, 12:39:48 [95m  DEBUG[39m [38;5;3m[EvolutionAdapter] [39m[95mInstance test-instance state: close[39m
[32m[Nest] 13500  - [39m15/01/2026, 12:39:48 [32m    LOG[39m [38;5;3m[EvolutionAdapter] [39m[32mEvolution API configured: http://evolution-api:8080[39m
[95m[Nest] 13500  - [39m15/01/2026, 12:39:48 [95m  DEBUG[39m [38;5;3m[EvolutionAdapter] [39m[95mGET /instance/connectionState/test-instance[39m
[95m[Nest] 13500  - [39m15/01/2026, 12:39:48 [95m  DEBUG[39m [38;5;3m[EvolutionAdapter] [39m[95mInstance test-instance state: connecting[39m
[32m[Nest] 13500  - [39m15/01/2026, 12:39:48 [32m    LOG[39m [38;5;3m[EvolutionAdapter] [39m[32mEvolution API configured: http://evolution-api:8080[39m
[95m[Nest] 13500  - [39m15/01/2026, 12:39:48 [95m  DEBUG[39m [38;5;3m[EvolutionAdapter] [39m[95mGET /instance/connectionState/test-instance[39m
[95m[Nest] 13500  - [39m15/01/2026, 12:39:48 [95m  DEBUG[39m [38;5;3m[EvolutionAdapter] [39m[95mInstance test-instance state: qrcode[39m
[32m[Nest] 13500  - [39m15/01/2026, 12:39:48 [32m    LOG[39m [38;5;3m[EvolutionAdapter] [39m[32mEvolution API configured: http://evolution-api:8080[39m
[95m[Nest] 13500  - [39m15/01/2026, 12:39:48 [95m  DEBUG[39m [38;5;3m[EvolutionAdapter] [39m[95mGET /instance/connectionState/test-instance[39m
[33m[Nest] 13500  - [39m15/01/2026, 12:39:48 [33m   WARN[39m [38;5;3m[EvolutionAdapter] [39m[33mFailed to get status for test-instance: Network error[39m
[32m[Nest] 13500  - [39m15/01/2026, 12:39:48 [32m    LOG[39m [38;5;3m[EvolutionAdapter] [39m[32mEvolution API configured: http://evolution-api:8080[39m
[95m[Nest] 13500  - [39m15/01/2026, 12:39:48 [95m  DEBUG[39m [38;5;3m[EvolutionAdapter] [39m[95mDELETE /instance/logout/test-instance[39m
[32m[Nest] 13500  - [39m15/01/2026, 12:39:48 [32m    LOG[39m [38;5;3m[EvolutionAdapter] [39m[32mLogged out instance: test-instance[39m
[95m[Nest] 13500  - [39m15/01/2026, 12:39:48 [95m  DEBUG[39m [38;5;3m[EvolutionAdapter] [39m[95mDELETE /instance/delete/test-instance[39m
[32m[Nest] 13500  - [39m15/01/2026, 12:39:48 [32m    LOG[39m [38;5;3m[EvolutionAdapter] [39m[32mDeleted Evolution instance: test-instance[39m
[32m[Nest] 13500  - [39m15/01/2026, 12:39:48 [32m    LOG[39m [38;5;3m[EvolutionAdapter] [39m[32mEvolution API configured: http://evolution-api:8080[39m
[95m[Nest] 13500  - [39m15/01/2026, 12:39:48 [95m  DEBUG[39m [38;5;3m[EvolutionAdapter] [39m[95mDELETE /instance/logout/test-instance[39m
[32m[Nest] 13500  - [39m15/01/2026, 12:39:48 [32m    LOG[39m [38;5;3m[EvolutionAdapter] [39m[32mLogged out instance: test-instance[39m
[95m[Nest] 13500  - [39m15/01/2026, 12:39:48 [95m  DEBUG[39m [38;5;3m[EvolutionAdapter] [39m[95mDELETE /instance/delete/test-instance[39m
[32m[Nest] 13500  - [39m15/01/2026, 12:39:48 [32m    LOG[39m [38;5;3m[EvolutionAdapter] [39m[32mInstance test-instance already deleted[39m
[32m[Nest] 13500  - [39m15/01/2026, 12:39:48 [32m    LOG[39m [38;5;3m[EvolutionAdapter] [39m[32mEvolution API configured: http://evolution-api:8080[39m
[95m[Nest] 13500  - [39m15/01/2026, 12:39:48 [95m  DEBUG[39m [38;5;3m[EvolutionAdapter] [39m[95mPOST /message/sendText/test-instance[39m
[32m[Nest] 13500  - [39m15/01/2026, 12:39:48 [32m    LOG[39m [38;5;3m[EvolutionAdapter] [39m[32mEvolution API configured: http://evolution-api:8080[39m
[95m[Nest] 13500  - [39m15/01/2026, 12:39:48 [95m  DEBUG[39m [38;5;3m[EvolutionAdapter] [39m[95mPOST /chat/presence/test-instance[39m
PASS src/modules/whatsapp/adapters/evolution.adapter.spec.ts
[95m[Nest] 13500  - [39m15/01/2026, 12:39:49 [95m  DEBUG[39m [38;5;3m[EvolutionAdapter] [39m[95mPOST /chat/presence/test-instance[39m
[32m[Nest] 13500  - [39m15/01/2026, 12:39:49 [32m    LOG[39m [38;5;3m[EvolutionAdapter] [39m[32mEvolution API configured: http://evolution-api:8080[39m
[95m[Nest] 13500  - [39m15/01/2026, 12:39:49 [95m  DEBUG[39m [38;5;3m[EvolutionAdapter] [39m[95mPOST /chat/presence/test-instance[39m
[33m[Nest] 13500  - [39m15/01/2026, 12:39:49 [33m   WARN[39m [38;5;3m[EvolutionAdapter] [39m[33mFailed to send presence: Network error[39m
[32m[Nest] 13500  - [39m15/01/2026, 12:39:49 [32m    LOG[39m [38;5;3m[EvolutionAdapter] [39m[32mEvolution API configured: http://evolution-api:8080[39m
[95m[Nest] 13500  - [39m15/01/2026, 12:39:49 [95m  DEBUG[39m [38;5;3m[EvolutionAdapter] [39m[95mPOST /chat/whatsappNumbers/test-instance[39m
[32m[Nest] 13500  - [39m15/01/2026, 12:39:49 [32m    LOG[39m [38;5;3m[EvolutionAdapter] [39m[32mEvolution API configured: http://evolution-api:8080[39m
[95m[Nest] 13500  - [39m15/01/2026, 12:39:49 [95m  DEBUG[39m [38;5;3m[EvolutionAdapter] [39m[95mPOST /chat/whatsappNumbers/test-instance[39m
[32m[Nest] 13500  - [39m15/01/2026, 12:39:49 [32m    LOG[39m [38;5;3m[EvolutionAdapter] [39m[32mEvolution API configured: http://evolution-api:8080[39m
[95m[Nest] 13500  - [39m15/01/2026, 12:39:49 [95m  DEBUG[39m [38;5;3m[EvolutionAdapter] [39m[95mPOST /chat/whatsappNumbers/test-instance[39m
[32m[Nest] 13500  - [39m15/01/2026, 12:39:49 [32m    LOG[39m [38;5;3m[EvolutionAdapter] [39m[32mEvolution API configured: http://evolution-api:8080[39m
[95m[Nest] 13500  - [39m15/01/2026, 12:39:49 [95m  DEBUG[39m [38;5;3m[EvolutionAdapter] [39m[95mPOST /message/sendText/test-instance[39m
[32m[Nest] 13500  - [39m15/01/2026, 12:39:49 [32m    LOG[39m [38;5;3m[EvolutionAdapter] [39m[32mEvolution API configured: http://evolution-api:8080[39m
[95m[Nest] 13500  - [39m15/01/2026, 12:39:49 [95m  DEBUG[39m [38;5;3m[EvolutionAdapter] [39m[95mGET /instance/fetchInstances[39m
[95m[Nest] 13500  - [39m15/01/2026, 12:39:49 [95m  DEBUG[39m [38;5;3m[EvolutionAdapter] [39m[95mPOST /instance/create[39m
[32m[Nest] 13500  - [39m15/01/2026, 12:39:49 [32m    LOG[39m [38;5;3m[EvolutionAdapter] [39m[32mCreated Evolution instance: test[39m
PASS src/modules/settings/settings.service.spec.ts (5.226 s)
[95m[Nest] 31508  - [39m15/01/2026, 12:39:50 [95m  DEBUG[39m [38;5;3m[WwebjsAdapter] [39m[95mGET /session/qr/test-instance/image[39m
[95m[Nest] 31508  - [39m15/01/2026, 12:39:50 [95m  DEBUG[39m [38;5;3m[WwebjsAdapter] [39m[95mGET /session/qr/test-instance[39m
[33m[Nest] 31508  - [39m15/01/2026, 12:39:50 [33m   WARN[39m [38;5;3m[WwebjsAdapter] [39m[33mNo QR in response, retry 3/10...[39m
PASS src/modules/flows/flows.service.spec.ts (7.211 s)
FAIL src/modules/contacts/contacts.service.spec.ts (7.726 s)
  ÔùÅ ContactsService ÔÇ║ Contacts CRUD ÔÇ║ findAllContacts ÔÇ║ should return paginated contacts

    TypeError: Cannot read properties of undefined (reading 'map')

    [0m [90m 81 |[39m             [33m:[39m [][33m;[39m
     [90m 82 |[39m
    [31m[1m>[22m[39m[90m 83 |[39m         [36mconst[39m tagIdsToFetch [33m=[39m [[33m...[39m[36mnew[39m [33mSet[39m(contactTags[33m.[39mmap(ct [33m=>[39m 
ct[33m.[39mtagId))][33m;[39m
     [90m    |[39m                                                       [31m[1m^[22m[39m
     [90m 84 |[39m         [36mconst[39m tags [33m=[39m tagIdsToFetch[33m.[39mlength [33m>[39m [35m0[39m
     [90m 85 |[39m             [33m?[39m [36mawait[39m [36mthis[39m[33m.[39mtagRepository[33m.[39mfind({
     [90m 86 |[39m                 where[33m:[39m { id[33m:[39m [33mIn[39m(tagIdsToFetch) }[0m

      at ContactsService.findAllContacts (modules/contacts/contacts.service.ts:83:55)
      at Object.<anonymous> (modules/contacts/contacts.service.spec.ts:98:32)

  ÔùÅ ContactsService ÔÇ║ Contacts CRUD ÔÇ║ findContactById ÔÇ║ should return a contact by id

    TypeError: Cannot read properties of undefined (reading 'map')

    [0m [90m 122 |[39m         })[33m;[39m
     [90m 123 |[39m
    [31m[1m>[22m[39m[90m 124 |[39m         [36mconst[39m tagIds [33m=[39m contactTags[33m.[39mmap(ct [33m=>[39m ct[33m.[39mtagId)[33m;[39m
     [90m     |[39m                                    [31m[1m^[22m[39m
     [90m 125 |[39m         [36mconst[39m tags [33m=[39m tagIds[33m.[39mlength [33m>[39m [35m0[39m
     [90m 126 |[39m             [33m?[39m [36mawait[39m [36mthis[39m[33m.[39mtagRepository[33m.[39mfind({ where[33m:[39m { id[33m:[39m [33mIn[39m(tagIds) } })
     [90m 127 |[39m             [33m:[39m [][33m;[39m[0m

      at ContactsService.findContactById (modules/contacts/contacts.service.ts:124:36)
      at Object.<anonymous> (modules/contacts/contacts.service.spec.ts:109:32)

  ÔùÅ ContactsService ÔÇ║ Contacts CRUD ÔÇ║ createContact ÔÇ║ should create a new contact

    NotFoundException: Contato n├úo encontrado

    [0m [90m 114 |[39m
     [90m 115 |[39m         [36mif[39m ([33m![39mcontact) {
    [31m[1m>[22m[39m[90m 116 |[39m             [36mthrow[39m [36mnew[39m [33mNotFoundException[39m([32m'Contato n├úo encontrado'[39m)[33m;[39m
     [90m     |[39m                   [31m[1m^[22m[39m
     [90m 117 |[39m         }
     [90m 118 |[39m
     [90m 119 |[39m         [90m// Get tags[39m[0m

      at ContactsService.findContactById (modules/contacts/contacts.service.ts:116:19)

  ÔùÅ ContactsService ÔÇ║ Contacts CRUD ÔÇ║ updateContact ÔÇ║ should update an existing contact

    TypeError: Cannot read properties of undefined (reading 'map')

    [0m [90m 122 |[39m         })[33m;[39m
     [90m 123 |[39m
    [31m[1m>[22m[39m[90m 124 |[39m         [36mconst[39m tagIds [33m=[39m contactTags[33m.[39mmap(ct [33m=>[39m ct[33m.[39mtagId)[33m;[39m
     [90m     |[39m                                    [31m[1m^[22m[39m
     [90m 125 |[39m         [36mconst[39m tags [33m=[39m tagIds[33m.[39mlength [33m>[39m [35m0[39m
     [90m 126 |[39m             [33m?[39m [36mawait[39m [36mthis[39m[33m.[39mtagRepository[33m.[39mfind({ where[33m:[39m { id[33m:[39m [33mIn[39m(tagIds) } })
     [90m 127 |[39m             [33m:[39m [][33m;[39m[0m

      at ContactsService.findContactById (modules/contacts/contacts.service.ts:124:36)
      at ContactsService.updateContact (modules/contacts/contacts.service.ts:161:25)
      at Object.<anonymous> (modules/contacts/contacts.service.spec.ts:142:32)

  ÔùÅ ContactsService ÔÇ║ Contacts CRUD ÔÇ║ deleteContact ÔÇ║ should delete a contact

    TypeError: Cannot read properties of undefined (reading 'map')

    [0m [90m 122 |[39m         })[33m;[39m
     [90m 123 |[39m
    [31m[1m>[22m[39m[90m 124 |[39m         [36mconst[39m tagIds [33m=[39m contactTags[33m.[39mmap(ct [33m=>[39m ct[33m.[39mtagId)[33m;[39m
     [90m     |[39m                                    [31m[1m^[22m[39m
     [90m 125 |[39m         [36mconst[39m tags [33m=[39m tagIds[33m.[39mlength [33m>[39m [35m0[39m
     [90m 126 |[39m             [33m?[39m [36mawait[39m [36mthis[39m[33m.[39mtagRepository[33m.[39mfind({ where[33m:[39m { id[33m:[39m [33mIn[39m(tagIds) } })
     [90m 127 |[39m             [33m:[39m [][33m;[39m[0m

      at ContactsService.findContactById (modules/contacts/contacts.service.ts:124:36)
      at ContactsService.deleteContact (modules/contacts/contacts.service.ts:189:25)
      at Object.<anonymous> (modules/contacts/contacts.service.spec.ts:156:32)

  ÔùÅ ContactsService ÔÇ║ Contacts CRUD ÔÇ║ bulkDeleteContacts ÔÇ║ should delete multiple contacts

    expect(received).toBe(expected) // Object.is equality

    Expected: 5
    Received: undefined

    [0m [90m 166 |[39m                 [36mconst[39m result [33m=[39m [36mawait[39m service[33m.[39mbulkDeleteContacts([32m'tenant-123'[39m[33m,[39m 
[[32m'c1'[39m[33m,[39m [32m'c2'[39m[33m,[39m [32m'c3'[39m[33m,[39m [32m'c4'[39m[33m,[39m [32m'c5'[39m])[33m;[39m
     [90m 167 |[39m
    [31m[1m>[22m[39m[90m 168 |[39m                 expect(result[33m.[39mdeleted)[33m.[39mtoBe([35m5[39m)[33m;[39m
     [90m     |[39m                                        [31m[1m^[22m[39m
     [90m 169 |[39m             })[33m;[39m
     [90m 170 |[39m         })[33m;[39m
     [90m 171 |[39m[0m

      at Object.<anonymous> (modules/contacts/contacts.service.spec.ts:168:40)

  ÔùÅ ContactsService ÔÇ║ Contacts CRUD ÔÇ║ importContacts ÔÇ║ should import multiple contacts

    expect(received).toBe(expected) // Object.is equality

    Expected: 2
    Received: 0

    [0m [90m 182 |[39m                 [36mconst[39m result [33m=[39m [36mawait[39m service[33m.[39mimportContacts([32m'tenant-123'[39m[33m,[39m contacts)[33m;[39m
     [90m 183 |[39m
    [31m[1m>[22m[39m[90m 184 |[39m                 expect(result[33m.[39mimported)[33m.[39mtoBe([35m2[39m)[33m;[39m
     [90m     |[39m                                         [31m[1m^[22m[39m
     [90m 185 |[39m             })[33m;[39m
     [90m 186 |[39m         })[33m;[39m
     [90m 187 |[39m[0m

      at Object.<anonymous> (modules/contacts/contacts.service.spec.ts:184:41)

  ÔùÅ ContactsService ÔÇ║ Contacts CRUD ÔÇ║ exportContacts ÔÇ║ should export contacts

    TypeError: Cannot read properties of undefined (reading 'map')

    [0m [90m 81 |[39m             [33m:[39m [][33m;[39m
     [90m 82 |[39m
    [31m[1m>[22m[39m[90m 83 |[39m         [36mconst[39m tagIdsToFetch [33m=[39m [[33m...[39m[36mnew[39m [33mSet[39m(contactTags[33m.[39mmap(ct [33m=>[39m 
ct[33m.[39mtagId))][33m;[39m
     [90m    |[39m                                                       [31m[1m^[22m[39m
     [90m 84 |[39m         [36mconst[39m tags [33m=[39m tagIdsToFetch[33m.[39mlength [33m>[39m [35m0[39m
     [90m 85 |[39m             [33m?[39m [36mawait[39m [36mthis[39m[33m.[39mtagRepository[33m.[39mfind({
     [90m 86 |[39m                 where[33m:[39m { id[33m:[39m [33mIn[39m(tagIdsToFetch) }[0m

      at ContactsService.findAllContacts (modules/contacts/contacts.service.ts:83:55)
      at ContactsService.exportContacts (modules/contacts/contacts.service.ts:227:24)
      at Object.<anonymous> (modules/contacts/contacts.service.spec.ts:192:32)

  ÔùÅ ContactsService ÔÇ║ Tags ÔÇ║ updateTag ÔÇ║ should update an existing tag

    expect(received).toBe(expected) // Object.is equality

    Expected: "#0000FF"
    Received: "#FF0000"

    [0m [90m 256 |[39m                 })[33m;[39m
     [90m 257 |[39m
    [31m[1m>[22m[39m[90m 258 |[39m                 expect(result[33m.[39mcolor)[33m.[39mtoBe([32m'#0000FF'[39m)[33m;[39m
     [90m     |[39m                                      [31m[1m^[22m[39m
     [90m 259 |[39m             })[33m;[39m
     [90m 260 |[39m         })[33m;[39m
     [90m 261 |[39m[0m

      at Object.<anonymous> (modules/contacts/contacts.service.spec.ts:258:38)

  ÔùÅ ContactsService ÔÇ║ Tags ÔÇ║ deleteTag ÔÇ║ should delete a tag

    expect(received).toBe(expected) // Object.is equality

    Expected: true
    Received: undefined

    [0m [90m 267 |[39m                 [36mconst[39m result [33m=[39m [36mawait[39m service[33m.[39mdeleteTag([32m'tenant-123'[39m[33m,[39m 
[32m'tag-123'[39m)[33m;[39m
     [90m 268 |[39m
    [31m[1m>[22m[39m[90m 269 |[39m                 expect(result[33m.[39mdeleted)[33m.[39mtoBe([36mtrue[39m)[33m;[39m
     [90m     |[39m                                        [31m[1m^[22m[39m
     [90m 270 |[39m             })[33m;[39m
     [90m 271 |[39m         })[33m;[39m
     [90m 272 |[39m     })[33m;[39m[0m

      at Object.<anonymous> (modules/contacts/contacts.service.spec.ts:269:40)

  ÔùÅ ContactsService ÔÇ║ Custom Fields ÔÇ║ createCustomField ÔÇ║ should create a new custom field

    TypeError: Cannot read properties of undefined (reading 'where')

    [0m [90m 296 |[39m             [36mthis[39m[33m.[39mcontactTagRepository[33m.[39mcreate({ contactId[33m,[39m tagId })
     [90m 297 |[39m         )[33m;[39m
    [31m[1m>[22m[39m[90m 298 |[39m         [36mawait[39m [36mthis[39m[33m.[39mcontactTagRepository[33m.[39msave(contactTags)[33m;[39m
     [90m     |[39m             [31m[1m^[22m[39m
     [90m 299 |[39m
     [90m 300 |[39m         [90m// Update contact counts[39m
     [90m 301 |[39m         [36mawait[39m [36mthis[39m[33m.[39mupdateTagCounts(tagIds)[33m;[39m[0m

      at ContactsService.createCustomField (modules/contacts/contacts.service.ts:298:13)
      at Object.<anonymous> (modules/contacts/contacts.service.spec.ts:291:32)

  ÔùÅ ContactsService ÔÇ║ Custom Fields ÔÇ║ updateCustomField ÔÇ║ should update a custom field

    expect(received).toBe(expected) // Object.is equality

    Expected: true
    Received: false

    [0m [90m 307 |[39m                 })[33m;[39m
     [90m 308 |[39m
    [31m[1m>[22m[39m[90m 309 |[39m                 expect(result[33m.[39mrequired)[33m.[39mtoBe([36mtrue[39m)[33m;[39m
     [90m     |[39m                                         [31m[1m^[22m[39m
     [90m 310 |[39m             })[33m;[39m
     [90m 311 |[39m         })[33m;[39m
     [90m 312 |[39m[0m

      at Object.<anonymous> (modules/contacts/contacts.service.spec.ts:309:41)

  ÔùÅ ContactsService ÔÇ║ Custom Fields ÔÇ║ deleteCustomField ÔÇ║ should delete a custom field

    expect(received).toBe(expected) // Object.is equality

    Expected: true
    Received: undefined

    [0m [90m 318 |[39m                 [36mconst[39m result [33m=[39m [36mawait[39m service[33m.[39mdeleteCustomField([32m'tenant-123'[39m[33m,[39m 
[32m'field-123'[39m)[33m;[39m
     [90m 319 |[39m
    [31m[1m>[22m[39m[90m 320 |[39m                 expect(result[33m.[39mdeleted)[33m.[39mtoBe([36mtrue[39m)[33m;[39m
     [90m     |[39m                                        [31m[1m^[22m[39m
     [90m 321 |[39m             })[33m;[39m
     [90m 322 |[39m         })[33m;[39m
     [90m 323 |[39m     })[33m;[39m[0m

      at Object.<anonymous> (modules/contacts/contacts.service.spec.ts:320:40)

  ÔùÅ ContactsService ÔÇ║ getContactStats ÔÇ║ should return contact statistics

    expect(received).toBe(expected) // Object.is equality

    Expected: 100
    Received: undefined

    [0m [90m 330 |[39m             [36mconst[39m result [33m=[39m [36mawait[39m service[33m.[39mgetContactStats([32m'tenant-123'[39m)[33m;[39m
     [90m 331 |[39m
    [31m[1m>[22m[39m[90m 332 |[39m             expect(result[33m.[39mtotalContacts)[33m.[39mtoBe([35m100[39m)[33m;[39m
     [90m     |[39m                                          [31m[1m^[22m[39m
     [90m 333 |[39m         })[33m;[39m
     [90m 334 |[39m     })[33m;[39m
     [90m 335 |[39m })[33m;[39m[0m

      at Object.<anonymous> (modules/contacts/contacts.service.spec.ts:332:42)

[95m[Nest] 31508  - [39m15/01/2026, 12:39:52 [95m  DEBUG[39m [38;5;3m[WwebjsAdapter] [39m[95mGET /session/qr/test-instance/image[39m
[95m[Nest] 31508  - [39m15/01/2026, 12:39:52 [95m  DEBUG[39m [38;5;3m[WwebjsAdapter] [39m[95mGET /session/qr/test-instance[39m
[33m[Nest] 31508  - [39m15/01/2026, 12:39:52 [33m   WARN[39m [38;5;3m[WwebjsAdapter] [39m[33mNo QR in response, retry 4/10...[39m
PASS src/modules/auth/auth.service.spec.ts (9.065 s)
PASS src/modules/dispatcher/dispatcher.service.spec.ts (9.865 s)
[95m[Nest] 31508  - [39m15/01/2026, 12:39:54 [95m  DEBUG[39m [38;5;3m[WwebjsAdapter] [39m[95mGET /session/qr/test-instance/image[39m
[95m[Nest] 31508  - [39m15/01/2026, 12:39:54 [95m  DEBUG[39m [38;5;3m[WwebjsAdapter] [39m[95mGET /session/qr/test-instance[39m
[33m[Nest] 31508  - [39m15/01/2026, 12:39:54 [33m   WARN[39m [38;5;3m[WwebjsAdapter] [39m[33mNo QR in response, retry 5/10...[39m
PASS src/modules/instances/instances.service.spec.ts (10.838 s)
PASS src/modules/anti-ban/analytics.service.spec.ts
[95m[Nest] 31508  - [39m15/01/2026, 12:39:56 [95m  DEBUG[39m [38;5;3m[WwebjsAdapter] [39m[95mGET /session/qr/test-instance/image[39m
[95m[Nest] 31508  - [39m15/01/2026, 12:39:56 [95m  DEBUG[39m [38;5;3m[WwebjsAdapter] [39m[95mGET /session/qr/test-instance[39m
[33m[Nest] 31508  - [39m15/01/2026, 12:39:56 [33m   WARN[39m [38;5;3m[WwebjsAdapter] [39m[33mNo QR in response, retry 6/10...[39m
FAIL src/modules/dispatcher/dispatcher.processor.spec.ts (12.419 s)
  ÔùÅ DispatcherProcessor ÔÇ║ should be defined

    Nest can't resolve dependencies of the DispatcherProcessor (InstanceRepository, CampaignContactRepository, MessageVariationRepository, CampaignRepository, 
WhatsAppProviderFactory, HumanBehaviorService, PatternBreakerService, DelayGeneratorService, StackRouterService, AntiBanAnalyticsService, ?). Please make sure that the argument 
FlowsService at index [10] is available in the RootTestModule context.

    Potential solutions:
    - Is RootTestModule a valid NestJS module?
    - If FlowsService is a provider, is it part of the current RootTestModule?
    - If FlowsService is exported from a separate @Module, is that module imported within RootTestModule?
      @Module({
        imports: [ /* the Module containing FlowsService */ ]
      })

    For more common dependency resolution issues, see: https://docs.nestjs.com/faq/common-errors

    [0m [90m 54 |[39m         }[33m;[39m
     [90m 55 |[39m
    [31m[1m>[22m[39m[90m 56 |[39m         [36mconst[39m module[33m:[39m [33mTestingModule[39m [33m=[39m [36mawait[39m [33mTest[39m[33m.[39mcreateTestingModule({
     [90m    |[39m                                       [31m[1m^[22m[39m
     [90m 57 |[39m             providers[33m:[39m [
     [90m 58 |[39m                 [33mDispatcherProcessor[39m[33m,[39m
     [90m 59 |[39m                 { provide[33m:[39m getRepositoryToken([33mInstance[39m)[33m,[39m useValue[33m:[39m mockRepo }[33m,[39m[0m

      at TestingInjector.lookupComponentInParentModules (../node_modules/@nestjs/core/injector/injector.js:286:19)
      at TestingInjector.resolveComponentWrapper (../node_modules/@nestjs/testing/testing-injector.js:19:45)
      at resolveParam (../node_modules/@nestjs/core/injector/injector.js:140:38)
          at async Promise.all (index 10)
      at TestingInjector.resolveConstructorParams (../node_modules/@nestjs/core/injector/injector.js:169:27)
      at TestingInjector.loadInstance (../node_modules/@nestjs/core/injector/injector.js:75:13)
      at TestingInjector.loadProvider (../node_modules/@nestjs/core/injector/injector.js:103:9)
      at ../node_modules/@nestjs/core/injector/instance-loader.js:56:13
          at async Promise.all (index 3)
      at TestingInstanceLoader.createInstancesOfProviders (../node_modules/@nestjs/core/injector/instance-loader.js:55:9)
      at ../node_modules/@nestjs/core/injector/instance-loader.js:40:13
          at async Promise.all (index 1)
      at TestingInstanceLoader.createInstances (../node_modules/@nestjs/core/injector/instance-loader.js:39:9)
      at TestingInstanceLoader.createInstancesOfDependencies (../node_modules/@nestjs/core/injector/instance-loader.js:22:13)
      at TestingInstanceLoader.createInstancesOfDependencies (../node_modules/@nestjs/testing/testing-instance-loader.js:9:9)
      at TestingModuleBuilder.createInstancesOfDependencies (../node_modules/@nestjs/testing/testing-module.builder.js:118:9)
      at TestingModuleBuilder.compile (../node_modules/@nestjs/testing/testing-module.builder.js:74:9)
      at Object.<anonymous> (modules/dispatcher/dispatcher.processor.spec.ts:56:39)

  ÔùÅ DispatcherProcessor ÔÇ║ should process a dispatch job successfully

    Nest can't resolve dependencies of the DispatcherProcessor (InstanceRepository, CampaignContactRepository, MessageVariationRepository, CampaignRepository, 
WhatsAppProviderFactory, HumanBehaviorService, PatternBreakerService, DelayGeneratorService, StackRouterService, AntiBanAnalyticsService, ?). Please make sure that the argument 
FlowsService at index [10] is available in the RootTestModule context.

    Potential solutions:
    - Is RootTestModule a valid NestJS module?
    - If FlowsService is a provider, is it part of the current RootTestModule?
    - If FlowsService is exported from a separate @Module, is that module imported within RootTestModule?
      @Module({
        imports: [ /* the Module containing FlowsService */ ]
      })

    For more common dependency resolution issues, see: https://docs.nestjs.com/faq/common-errors

    [0m [90m 54 |[39m         }[33m;[39m
     [90m 55 |[39m
    [31m[1m>[22m[39m[90m 56 |[39m         [36mconst[39m module[33m:[39m [33mTestingModule[39m [33m=[39m [36mawait[39m [33mTest[39m[33m.[39mcreateTestingModule({
     [90m    |[39m                                       [31m[1m^[22m[39m
     [90m 57 |[39m             providers[33m:[39m [
     [90m 58 |[39m                 [33mDispatcherProcessor[39m[33m,[39m
     [90m 59 |[39m                 { provide[33m:[39m getRepositoryToken([33mInstance[39m)[33m,[39m useValue[33m:[39m mockRepo }[33m,[39m[0m

      at TestingInjector.lookupComponentInParentModules (../node_modules/@nestjs/core/injector/injector.js:286:19)
      at TestingInjector.resolveComponentWrapper (../node_modules/@nestjs/testing/testing-injector.js:19:45)
      at resolveParam (../node_modules/@nestjs/core/injector/injector.js:140:38)
          at async Promise.all (index 10)
      at TestingInjector.resolveConstructorParams (../node_modules/@nestjs/core/injector/injector.js:169:27)
      at TestingInjector.loadInstance (../node_modules/@nestjs/core/injector/injector.js:75:13)
      at TestingInjector.loadProvider (../node_modules/@nestjs/core/injector/injector.js:103:9)
      at ../node_modules/@nestjs/core/injector/instance-loader.js:56:13
          at async Promise.all (index 3)
      at TestingInstanceLoader.createInstancesOfProviders (../node_modules/@nestjs/core/injector/instance-loader.js:55:9)
      at ../node_modules/@nestjs/core/injector/instance-loader.js:40:13
          at async Promise.all (index 1)
      at TestingInstanceLoader.createInstances (../node_modules/@nestjs/core/injector/instance-loader.js:39:9)
      at TestingInstanceLoader.createInstancesOfDependencies (../node_modules/@nestjs/core/injector/instance-loader.js:22:13)
      at TestingInstanceLoader.createInstancesOfDependencies (../node_modules/@nestjs/testing/testing-instance-loader.js:9:9)
      at TestingModuleBuilder.createInstancesOfDependencies (../node_modules/@nestjs/testing/testing-module.builder.js:118:9)
      at TestingModuleBuilder.compile (../node_modules/@nestjs/testing/testing-module.builder.js:74:9)
      at Object.<anonymous> (modules/dispatcher/dispatcher.processor.spec.ts:56:39)

[95m[Nest] 28580  - [39m15/01/2026, 12:39:57 [95m  DEBUG[39m [38;5;3m[WahaAdapter] [39m[95mPOST /api/sessions[39m
[32m[Nest] 28580  - [39m15/01/2026, 12:39:57 [32m    LOG[39m [38;5;3m[WahaAdapter] [39m[32mCreated WAHA session: default[39m
[95m[Nest] 28580  - [39m15/01/2026, 12:39:57 [95m  DEBUG[39m [38;5;3m[WahaAdapter] [39m[95mPOST /api/sessions/default/start[39m
[32m[Nest] 28580  - [39m15/01/2026, 12:39:57 [32m    LOG[39m [38;5;3m[WahaAdapter] [39m[32mStarted WAHA session: default[39m
[95m[Nest] 28580  - [39m15/01/2026, 12:39:57 [95m  DEBUG[39m [38;5;3m[WahaAdapter] [39m[95mPOST /api/sessions[39m
[32m[Nest] 28580  - [39m15/01/2026, 12:39:57 [32m    LOG[39m [38;5;3m[WahaAdapter] [39m[32mSession 'default' already exists[39m
[95m[Nest] 28580  - [39m15/01/2026, 12:39:57 [95m  DEBUG[39m [38;5;3m[WahaAdapter] [39m[95mPOST /api/sessions/default/start[39m
[32m[Nest] 28580  - [39m15/01/2026, 12:39:57 [32m    LOG[39m [38;5;3m[WahaAdapter] [39m[32mStarted WAHA session: default[39m
[95m[Nest] 28580  - [39m15/01/2026, 12:39:57 [95m  DEBUG[39m [38;5;3m[WahaAdapter] [39m[95mPOST /api/sessions/default/start[39m
[95m[Nest] 28580  - [39m15/01/2026, 12:39:57 [95m  DEBUG[39m [38;5;3m[WahaAdapter] [39m[95mPOST /api/sessions/default/start[39m
[95m[Nest] 28580  - [39m15/01/2026, 12:39:57 [95m  DEBUG[39m [38;5;3m[WahaAdapter] [39m[95mGET /api/sessions/default[39m
[95m[Nest] 28580  - [39m15/01/2026, 12:39:57 [95m  DEBUG[39m [38;5;3m[WahaAdapter] [39m[95mGET /api/sessions/default[39m
[95m[Nest] 28580  - [39m15/01/2026, 12:39:57 [95m  DEBUG[39m [38;5;3m[WahaAdapter] [39m[95mGET /api/sessions/default[39m
[95m[Nest] 28580  - [39m15/01/2026, 12:39:57 [95m  DEBUG[39m [38;5;3m[WahaAdapter] [39m[95mPOST /api/sessions/default/stop[39m
[95m[Nest] 28580  - [39m15/01/2026, 12:39:57 [95m  DEBUG[39m [38;5;3m[WahaAdapter] [39m[95mPOST /api/default/sendText[39m
[95m[Nest] 28580  - [39m15/01/2026, 12:39:57 [95m  DEBUG[39m [38;5;3m[WahaAdapter] [39m[95mPOST /api/default/startTyping[39m
PASS src/modules/whatsapp/adapters/waha.adapter.spec.ts
[95m[Nest] 28580  - [39m15/01/2026, 12:39:57 [95m  DEBUG[39m [38;5;3m[WahaAdapter] [39m[95mPOST /api/default/stopTyping[39m
[95m[Nest] 28580  - [39m15/01/2026, 12:39:57 [95m  DEBUG[39m [38;5;3m[WahaAdapter] [39m[95mPOST /api/default/contacts/check[39m
[95m[Nest] 28580  - [39m15/01/2026, 12:39:57 [95m  DEBUG[39m [38;5;3m[WahaAdapter] [39m[95mPOST /api/default/contacts/check[39m
[95m[Nest] 28580  - [39m15/01/2026, 12:39:57 [95m  DEBUG[39m [38;5;3m[WahaAdapter] [39m[95mPOST /api/default/contacts/check[39m
[95m[Nest] 28580  - [39m15/01/2026, 12:39:57 [95m  DEBUG[39m [38;5;3m[WahaAdapter] [39m[95mPOST /api/default/sendText[39m
[95m[Nest] 28580  - [39m15/01/2026, 12:39:57 [95m  DEBUG[39m [38;5;3m[WahaAdapter] [39m[95mGET /api/sessions/default[39m
PASS src/modules/flows/folders.service.spec.ts (5.995 s)
PASS src/modules/settings/settings.controller.spec.ts
[31m[Nest] 12100  - [39m15/01/2026, 12:39:58 [31m  ERROR[39m [38;5;3m[WhatsAppProviderFactory] [39m[31mUnknown provider type: unknown[39m
PASS src/modules/whatsapp/whatsapp-provider.factory.spec.ts
PASS src/modules/anti-ban/stack-router.service.spec.ts
PASS src/modules/campaigns/campaigns.service.spec.ts (13.675 s)
  ÔùÅ Console

    console.log
      ­ƒñû Gerando 5 varia├º├Áes via IA...

      at CampaignsService.start (modules/campaigns/campaigns.service.ts:150:29)

    console.log
      Ô£à 1 varia├º├Áes criadas via IA (50 tokens)

      at CampaignsService.start (modules/campaigns/campaigns.service.ts:172:29)

    console.log
      ­ƒôñ 10 mensagens enfileiradas para campanha campaign-123

      at CampaignsService.start (modules/campaigns/campaigns.service.ts:209:21)

PASS src/app.controller.spec.ts
PASS src/modules/anti-ban/warmup.service.spec.ts (6.283 s)
PASS src/modules/auth/auth.controller.spec.ts (8.775 s)
[95m[Nest] 31508  - [39m15/01/2026, 12:39:58 [95m  DEBUG[39m [38;5;3m[WwebjsAdapter] [39m[95mGET /session/qr/test-instance/image[39m
[95m[Nest] 31508  - [39m15/01/2026, 12:39:58 [95m  DEBUG[39m [38;5;3m[WwebjsAdapter] [39m[95mGET /session/qr/test-instance[39m
[33m[Nest] 31508  - [39m15/01/2026, 12:39:58 [33m   WARN[39m [38;5;3m[WwebjsAdapter] [39m[33mNo QR in response, retry 7/10...[39m
PASS src/modules/instances/instances.controller.spec.ts (9.782 s)
PASS src/modules/campaigns/campaigns.controller.spec.ts (12.093 s)
[95m[Nest] 31508  - [39m15/01/2026, 12:40:00 [95m  DEBUG[39m [38;5;3m[WwebjsAdapter] [39m[95mGET /session/qr/test-instance/image[39m
[95m[Nest] 31508  - [39m15/01/2026, 12:40:00 [95m  DEBUG[39m [38;5;3m[WwebjsAdapter] [39m[95mGET /session/qr/test-instance[39m
[33m[Nest] 31508  - [39m15/01/2026, 12:40:00 [33m   WARN[39m [38;5;3m[WwebjsAdapter] [39m[33mNo QR in response, retry 8/10...[39m
[95m[Nest] 31508  - [39m15/01/2026, 12:40:03 [95m  DEBUG[39m [38;5;3m[WwebjsAdapter] [39m[95mGET /session/qr/test-instance/image[39m
[95m[Nest] 31508  - [39m15/01/2026, 12:40:03 [95m  DEBUG[39m [38;5;3m[WwebjsAdapter] [39m[95mGET /session/qr/test-instance[39m
[33m[Nest] 31508  - [39m15/01/2026, 12:40:03 [33m   WARN[39m [38;5;3m[WwebjsAdapter] [39m[33mNo QR in response, retry 9/10...[39m
[95m[Nest] 31508  - [39m15/01/2026, 12:40:05 [95m  DEBUG[39m [38;5;3m[WwebjsAdapter] [39m[95mGET /session/qr/test-instance/image[39m
[95m[Nest] 31508  - [39m15/01/2026, 12:40:05 [95m  DEBUG[39m [38;5;3m[WwebjsAdapter] [39m[95mGET /session/qr/test-instance[39m
[33m[Nest] 31508  - [39m15/01/2026, 12:40:05 [33m   WARN[39m [38;5;3m[WwebjsAdapter] [39m[33mNo QR in response, retry 10/10...[39m
[33m[Nest] 31508  - [39m15/01/2026, 12:40:07 [33m   WARN[39m [38;5;3m[WwebjsAdapter] [39m[33mQR Code not available for test-instance after retries[39m
[32m[Nest] 31508  - [39m15/01/2026, 12:40:07 [32m    LOG[39m [38;5;3m[WwebjsAdapter] [39m[32mWWebJS API configured: http://wwebjs-api:3000[39m
[95m[Nest] 31508  - [39m15/01/2026, 12:40:07 [95m  DEBUG[39m [38;5;3m[WwebjsAdapter] [39m[95mGET /session/status/test-instance[39m
[32m[Nest] 31508  - [39m15/01/2026, 12:40:07 [32m    LOG[39m [38;5;3m[WwebjsAdapter] [39m[32mWWebJS API configured: http://wwebjs-api:3000[39m
[95m[Nest] 31508  - [39m15/01/2026, 12:40:07 [95m  DEBUG[39m [38;5;3m[WwebjsAdapter] [39m[95mGET /session/status/test-instance[39m
[32m[Nest] 31508  - [39m15/01/2026, 12:40:07 [32m    LOG[39m [38;5;3m[WwebjsAdapter] [39m[32mWWebJS API configured: http://wwebjs-api:3000[39m
[95m[Nest] 31508  - [39m15/01/2026, 12:40:07 [95m  DEBUG[39m [38;5;3m[WwebjsAdapter] [39m[95mGET /session/status/test-instance[39m
[33m[Nest] 31508  - [39m15/01/2026, 12:40:07 [33m   WARN[39m [38;5;3m[WwebjsAdapter] [39m[33mFailed to get status for test-instance: Network error[39m
[32m[Nest] 31508  - [39m15/01/2026, 12:40:07 [32m    LOG[39m [38;5;3m[WwebjsAdapter] [39m[32mWWebJS API configured: http://wwebjs-api:3000[39m
[95m[Nest] 31508  - [39m15/01/2026, 12:40:07 [95m  DEBUG[39m [38;5;3m[WwebjsAdapter] [39m[95mPOST /session/terminate/test-instance[39m
[32m[Nest] 31508  - [39m15/01/2026, 12:40:07 [32m    LOG[39m [38;5;3m[WwebjsAdapter] [39m[32mTerminated WWebJS session: test-instance[39m
[32m[Nest] 31508  - [39m15/01/2026, 12:40:07 [32m    LOG[39m [38;5;3m[WwebjsAdapter] [39m[32mWWebJS API configured: http://wwebjs-api:3000[39m
[95m[Nest] 31508  - [39m15/01/2026, 12:40:07 [95m  DEBUG[39m [38;5;3m[WwebjsAdapter] [39m[95mPOST /session/terminate/test-instance[39m
[32m[Nest] 31508  - [39m15/01/2026, 12:40:07 [32m    LOG[39m [38;5;3m[WwebjsAdapter] [39m[32mSession test-instance already terminated[39m
[32m[Nest] 31508  - [39m15/01/2026, 12:40:07 [32m    LOG[39m [38;5;3m[WwebjsAdapter] [39m[32mWWebJS API configured: http://wwebjs-api:3000[39m
[95m[Nest] 31508  - [39m15/01/2026, 12:40:07 [95m  DEBUG[39m [38;5;3m[WwebjsAdapter] [39m[95mPOST /client/sendMessage/test-instance[39m
[32m[Nest] 31508  - [39m15/01/2026, 12:40:07 [32m    LOG[39m [38;5;3m[WwebjsAdapter] [39m[32mWWebJS API configured: http://wwebjs-api:3000[39m
[95m[Nest] 31508  - [39m15/01/2026, 12:40:07 [95m  DEBUG[39m [38;5;3m[WwebjsAdapter] [39m[95mPOST /client/sendStateTyping/test-instance[39m
PASS src/modules/whatsapp/adapters/wwebjs.adapter.spec.ts (22.389 s)

Summary of all failing tests
FAIL modules/ai/ai.service.spec.ts
  ÔùÅ AiService ÔÇ║ generateWarmupConversation ÔÇ║ should generate warmup conversation

    TypeError: expect(received).toHaveLength(expected)

    Matcher error: received value must have a length property whose value must be a number

    Received has value: undefined

    [0m [90m 130 |[39m             })[33m;[39m
     [90m 131 |[39m
    [31m[1m>[22m[39m[90m 132 |[39m             expect(result)[33m.[39mtoHaveLength([35m5[39m)[33m;[39m
     [90m     |[39m                            [31m[1m^[22m[39m
     [90m 133 |[39m             expect(result[[35m0[39m])[33m.[39mtoHaveProperty([32m'role'[39m)[33m;[39m
     [90m 134 |[39m             expect(result[[35m0[39m])[33m.[39mtoHaveProperty([32m'content'[39m)[33m;[39m
     [90m 135 |[39m         })[33m;[39m[0m

      at Object.<anonymous> (modules/ai/ai.service.spec.ts:132:28)

FAIL modules/contacts/contacts.service.spec.ts (7.726 s)
  ÔùÅ ContactsService ÔÇ║ Contacts CRUD ÔÇ║ findAllContacts ÔÇ║ should return paginated contacts

    TypeError: Cannot read properties of undefined (reading 'map')

    [0m [90m 81 |[39m             [33m:[39m [][33m;[39m
     [90m 82 |[39m
    [31m[1m>[22m[39m[90m 83 |[39m         [36mconst[39m tagIdsToFetch [33m=[39m [[33m...[39m[36mnew[39m [33mSet[39m(contactTags[33m.[39mmap(ct [33m=>[39m 
ct[33m.[39mtagId))][33m;[39m
     [90m    |[39m                                                       [31m[1m^[22m[39m
     [90m 84 |[39m         [36mconst[39m tags [33m=[39m tagIdsToFetch[33m.[39mlength [33m>[39m [35m0[39m
     [90m 85 |[39m             [33m?[39m [36mawait[39m [36mthis[39m[33m.[39mtagRepository[33m.[39mfind({
     [90m 86 |[39m                 where[33m:[39m { id[33m:[39m [33mIn[39m(tagIdsToFetch) }[0m

      at ContactsService.findAllContacts (modules/contacts/contacts.service.ts:83:55)
      at Object.<anonymous> (modules/contacts/contacts.service.spec.ts:98:32)

  ÔùÅ ContactsService ÔÇ║ Contacts CRUD ÔÇ║ findContactById ÔÇ║ should return a contact by id

    TypeError: Cannot read properties of undefined (reading 'map')

    [0m [90m 122 |[39m         })[33m;[39m
     [90m 123 |[39m
    [31m[1m>[22m[39m[90m 124 |[39m         [36mconst[39m tagIds [33m=[39m contactTags[33m.[39mmap(ct [33m=>[39m ct[33m.[39mtagId)[33m;[39m
     [90m     |[39m                                    [31m[1m^[22m[39m
     [90m 125 |[39m         [36mconst[39m tags [33m=[39m tagIds[33m.[39mlength [33m>[39m [35m0[39m
     [90m 126 |[39m             [33m?[39m [36mawait[39m [36mthis[39m[33m.[39mtagRepository[33m.[39mfind({ where[33m:[39m { id[33m:[39m [33mIn[39m(tagIds) } })
     [90m 127 |[39m             [33m:[39m [][33m;[39m[0m

      at ContactsService.findContactById (modules/contacts/contacts.service.ts:124:36)
      at Object.<anonymous> (modules/contacts/contacts.service.spec.ts:109:32)

  ÔùÅ ContactsService ÔÇ║ Contacts CRUD ÔÇ║ createContact ÔÇ║ should create a new contact

    NotFoundException: Contato n├úo encontrado

    [0m [90m 114 |[39m
     [90m 115 |[39m         [36mif[39m ([33m![39mcontact) {
    [31m[1m>[22m[39m[90m 116 |[39m             [36mthrow[39m [36mnew[39m [33mNotFoundException[39m([32m'Contato n├úo encontrado'[39m)[33m;[39m
     [90m     |[39m                   [31m[1m^[22m[39m
     [90m 117 |[39m         }
     [90m 118 |[39m
     [90m 119 |[39m         [90m// Get tags[39m[0m

      at ContactsService.findContactById (modules/contacts/contacts.service.ts:116:19)

  ÔùÅ ContactsService ÔÇ║ Contacts CRUD ÔÇ║ updateContact ÔÇ║ should update an existing contact

    TypeError: Cannot read properties of undefined (reading 'map')

    [0m [90m 122 |[39m         })[33m;[39m
     [90m 123 |[39m
    [31m[1m>[22m[39m[90m 124 |[39m         [36mconst[39m tagIds [33m=[39m contactTags[33m.[39mmap(ct [33m=>[39m ct[33m.[39mtagId)[33m;[39m
     [90m     |[39m                                    [31m[1m^[22m[39m
     [90m 125 |[39m         [36mconst[39m tags [33m=[39m tagIds[33m.[39mlength [33m>[39m [35m0[39m
     [90m 126 |[39m             [33m?[39m [36mawait[39m [36mthis[39m[33m.[39mtagRepository[33m.[39mfind({ where[33m:[39m { id[33m:[39m [33mIn[39m(tagIds) } })
     [90m 127 |[39m             [33m:[39m [][33m;[39m[0m

      at ContactsService.findContactById (modules/contacts/contacts.service.ts:124:36)
      at ContactsService.updateContact (modules/contacts/contacts.service.ts:161:25)
      at Object.<anonymous> (modules/contacts/contacts.service.spec.ts:142:32)

  ÔùÅ ContactsService ÔÇ║ Contacts CRUD ÔÇ║ deleteContact ÔÇ║ should delete a contact

    TypeError: Cannot read properties of undefined (reading 'map')

    [0m [90m 122 |[39m         })[33m;[39m
     [90m 123 |[39m
    [31m[1m>[22m[39m[90m 124 |[39m         [36mconst[39m tagIds [33m=[39m contactTags[33m.[39mmap(ct [33m=>[39m ct[33m.[39mtagId)[33m;[39m
     [90m     |[39m                                    [31m[1m^[22m[39m
     [90m 125 |[39m         [36mconst[39m tags [33m=[39m tagIds[33m.[39mlength [33m>[39m [35m0[39m
     [90m 126 |[39m             [33m?[39m [36mawait[39m [36mthis[39m[33m.[39mtagRepository[33m.[39mfind({ where[33m:[39m { id[33m:[39m [33mIn[39m(tagIds) } })
     [90m 127 |[39m             [33m:[39m [][33m;[39m[0m

      at ContactsService.findContactById (modules/contacts/contacts.service.ts:124:36)
      at ContactsService.deleteContact (modules/contacts/contacts.service.ts:189:25)
      at Object.<anonymous> (modules/contacts/contacts.service.spec.ts:156:32)

  ÔùÅ ContactsService ÔÇ║ Contacts CRUD ÔÇ║ bulkDeleteContacts ÔÇ║ should delete multiple contacts

    expect(received).toBe(expected) // Object.is equality

    Expected: 5
    Received: undefined

    [0m [90m 166 |[39m                 [36mconst[39m result [33m=[39m [36mawait[39m service[33m.[39mbulkDeleteContacts([32m'tenant-123'[39m[33m,[39m 
[[32m'c1'[39m[33m,[39m [32m'c2'[39m[33m,[39m [32m'c3'[39m[33m,[39m [32m'c4'[39m[33m,[39m [32m'c5'[39m])[33m;[39m
     [90m 167 |[39m
    [31m[1m>[22m[39m[90m 168 |[39m                 expect(result[33m.[39mdeleted)[33m.[39mtoBe([35m5[39m)[33m;[39m
     [90m     |[39m                                        [31m[1m^[22m[39m
     [90m 169 |[39m             })[33m;[39m
     [90m 170 |[39m         })[33m;[39m
     [90m 171 |[39m[0m

      at Object.<anonymous> (modules/contacts/contacts.service.spec.ts:168:40)

  ÔùÅ ContactsService ÔÇ║ Contacts CRUD ÔÇ║ importContacts ÔÇ║ should import multiple contacts

    expect(received).toBe(expected) // Object.is equality

    Expected: 2
    Received: 0

    [0m [90m 182 |[39m                 [36mconst[39m result [33m=[39m [36mawait[39m service[33m.[39mimportContacts([32m'tenant-123'[39m[33m,[39m contacts)[33m;[39m
     [90m 183 |[39m
    [31m[1m>[22m[39m[90m 184 |[39m                 expect(result[33m.[39mimported)[33m.[39mtoBe([35m2[39m)[33m;[39m
     [90m     |[39m                                         [31m[1m^[22m[39m
     [90m 185 |[39m             })[33m;[39m
     [90m 186 |[39m         })[33m;[39m
     [90m 187 |[39m[0m

      at Object.<anonymous> (modules/contacts/contacts.service.spec.ts:184:41)

  ÔùÅ ContactsService ÔÇ║ Contacts CRUD ÔÇ║ exportContacts ÔÇ║ should export contacts

    TypeError: Cannot read properties of undefined (reading 'map')

    [0m [90m 81 |[39m             [33m:[39m [][33m;[39m
     [90m 82 |[39m
    [31m[1m>[22m[39m[90m 83 |[39m         [36mconst[39m tagIdsToFetch [33m=[39m [[33m...[39m[36mnew[39m [33mSet[39m(contactTags[33m.[39mmap(ct [33m=>[39m 
ct[33m.[39mtagId))][33m;[39m
     [90m    |[39m                                                       [31m[1m^[22m[39m
     [90m 84 |[39m         [36mconst[39m tags [33m=[39m tagIdsToFetch[33m.[39mlength [33m>[39m [35m0[39m
     [90m 85 |[39m             [33m?[39m [36mawait[39m [36mthis[39m[33m.[39mtagRepository[33m.[39mfind({
     [90m 86 |[39m                 where[33m:[39m { id[33m:[39m [33mIn[39m(tagIdsToFetch) }[0m

      at ContactsService.findAllContacts (modules/contacts/contacts.service.ts:83:55)
      at ContactsService.exportContacts (modules/contacts/contacts.service.ts:227:24)
      at Object.<anonymous> (modules/contacts/contacts.service.spec.ts:192:32)

  ÔùÅ ContactsService ÔÇ║ Tags ÔÇ║ updateTag ÔÇ║ should update an existing tag

    expect(received).toBe(expected) // Object.is equality

    Expected: "#0000FF"
    Received: "#FF0000"

    [0m [90m 256 |[39m                 })[33m;[39m
     [90m 257 |[39m
    [31m[1m>[22m[39m[90m 258 |[39m                 expect(result[33m.[39mcolor)[33m.[39mtoBe([32m'#0000FF'[39m)[33m;[39m
     [90m     |[39m                                      [31m[1m^[22m[39m
     [90m 259 |[39m             })[33m;[39m
     [90m 260 |[39m         })[33m;[39m
     [90m 261 |[39m[0m

      at Object.<anonymous> (modules/contacts/contacts.service.spec.ts:258:38)

  ÔùÅ ContactsService ÔÇ║ Tags ÔÇ║ deleteTag ÔÇ║ should delete a tag

    expect(received).toBe(expected) // Object.is equality

    Expected: true
    Received: undefined

    [0m [90m 267 |[39m                 [36mconst[39m result [33m=[39m [36mawait[39m service[33m.[39mdeleteTag([32m'tenant-123'[39m[33m,[39m 
[32m'tag-123'[39m)[33m;[39m
     [90m 268 |[39m
    [31m[1m>[22m[39m[90m 269 |[39m                 expect(result[33m.[39mdeleted)[33m.[39mtoBe([36mtrue[39m)[33m;[39m
     [90m     |[39m                                        [31m[1m^[22m[39m
     [90m 270 |[39m             })[33m;[39m
     [90m 271 |[39m         })[33m;[39m
     [90m 272 |[39m     })[33m;[39m[0m

      at Object.<anonymous> (modules/contacts/contacts.service.spec.ts:269:40)

  ÔùÅ ContactsService ÔÇ║ Custom Fields ÔÇ║ createCustomField ÔÇ║ should create a new custom field

    TypeError: Cannot read properties of undefined (reading 'where')

    [0m [90m 296 |[39m             [36mthis[39m[33m.[39mcontactTagRepository[33m.[39mcreate({ contactId[33m,[39m tagId })
     [90m 297 |[39m         )[33m;[39m
    [31m[1m>[22m[39m[90m 298 |[39m         [36mawait[39m [36mthis[39m[33m.[39mcontactTagRepository[33m.[39msave(contactTags)[33m;[39m
     [90m     |[39m             [31m[1m^[22m[39m
     [90m 299 |[39m
     [90m 300 |[39m         [90m// Update contact counts[39m
     [90m 301 |[39m         [36mawait[39m [36mthis[39m[33m.[39mupdateTagCounts(tagIds)[33m;[39m[0m

      at ContactsService.createCustomField (modules/contacts/contacts.service.ts:298:13)
      at Object.<anonymous> (modules/contacts/contacts.service.spec.ts:291:32)

  ÔùÅ ContactsService ÔÇ║ Custom Fields ÔÇ║ updateCustomField ÔÇ║ should update a custom field

    expect(received).toBe(expected) // Object.is equality

    Expected: true
    Received: false

    [0m [90m 307 |[39m                 })[33m;[39m
     [90m 308 |[39m
    [31m[1m>[22m[39m[90m 309 |[39m                 expect(result[33m.[39mrequired)[33m.[39mtoBe([36mtrue[39m)[33m;[39m
     [90m     |[39m                                         [31m[1m^[22m[39m
     [90m 310 |[39m             })[33m;[39m
     [90m 311 |[39m         })[33m;[39m
     [90m 312 |[39m[0m

      at Object.<anonymous> (modules/contacts/contacts.service.spec.ts:309:41)

  ÔùÅ ContactsService ÔÇ║ Custom Fields ÔÇ║ deleteCustomField ÔÇ║ should delete a custom field

    expect(received).toBe(expected) // Object.is equality

    Expected: true
    Received: undefined

    [0m [90m 318 |[39m                 [36mconst[39m result [33m=[39m [36mawait[39m service[33m.[39mdeleteCustomField([32m'tenant-123'[39m[33m,[39m 
[32m'field-123'[39m)[33m;[39m
     [90m 319 |[39m
    [31m[1m>[22m[39m[90m 320 |[39m                 expect(result[33m.[39mdeleted)[33m.[39mtoBe([36mtrue[39m)[33m;[39m
     [90m     |[39m                                        [31m[1m^[22m[39m
     [90m 321 |[39m             })[33m;[39m
     [90m 322 |[39m         })[33m;[39m
     [90m 323 |[39m     })[33m;[39m[0m

      at Object.<anonymous> (modules/contacts/contacts.service.spec.ts:320:40)

  ÔùÅ ContactsService ÔÇ║ getContactStats ÔÇ║ should return contact statistics

    expect(received).toBe(expected) // Object.is equality

    Expected: 100
    Received: undefined

    [0m [90m 330 |[39m             [36mconst[39m result [33m=[39m [36mawait[39m service[33m.[39mgetContactStats([32m'tenant-123'[39m)[33m;[39m
     [90m 331 |[39m
    [31m[1m>[22m[39m[90m 332 |[39m             expect(result[33m.[39mtotalContacts)[33m.[39mtoBe([35m100[39m)[33m;[39m
     [90m     |[39m                                          [31m[1m^[22m[39m
     [90m 333 |[39m         })[33m;[39m
     [90m 334 |[39m     })[33m;[39m
     [90m 335 |[39m })[33m;[39m[0m

      at Object.<anonymous> (modules/contacts/contacts.service.spec.ts:332:42)

FAIL modules/dispatcher/dispatcher.processor.spec.ts (12.419 s)
  ÔùÅ DispatcherProcessor ÔÇ║ should be defined

    Nest can't resolve dependencies of the DispatcherProcessor (InstanceRepository, CampaignContactRepository, MessageVariationRepository, CampaignRepository, 
WhatsAppProviderFactory, HumanBehaviorService, PatternBreakerService, DelayGeneratorService, StackRouterService, AntiBanAnalyticsService, ?). Please make sure that the argument 
FlowsService at index [10] is available in the RootTestModule context.

    Potential solutions:
    - Is RootTestModule a valid NestJS module?
    - If FlowsService is a provider, is it part of the current RootTestModule?
    - If FlowsService is exported from a separate @Module, is that module imported within RootTestModule?
      @Module({
        imports: [ /* the Module containing FlowsService */ ]
      })

    For more common dependency resolution issues, see: https://docs.nestjs.com/faq/common-errors

    [0m [90m 54 |[39m         }[33m;[39m
     [90m 55 |[39m
    [31m[1m>[22m[39m[90m 56 |[39m         [36mconst[39m module[33m:[39m [33mTestingModule[39m [33m=[39m [36mawait[39m [33mTest[39m[33m.[39mcreateTestingModule({
     [90m    |[39m                                       [31m[1m^[22m[39m
     [90m 57 |[39m             providers[33m:[39m [
     [90m 58 |[39m                 [33mDispatcherProcessor[39m[33m,[39m
     [90m 59 |[39m                 { provide[33m:[39m getRepositoryToken([33mInstance[39m)[33m,[39m useValue[33m:[39m mockRepo }[33m,[39m[0m

      at TestingInjector.lookupComponentInParentModules (../node_modules/@nestjs/core/injector/injector.js:286:19)
      at TestingInjector.resolveComponentWrapper (../node_modules/@nestjs/testing/testing-injector.js:19:45)
      at resolveParam (../node_modules/@nestjs/core/injector/injector.js:140:38)
          at async Promise.all (index 10)
      at TestingInjector.resolveConstructorParams (../node_modules/@nestjs/core/injector/injector.js:169:27)
      at TestingInjector.loadInstance (../node_modules/@nestjs/core/injector/injector.js:75:13)
      at TestingInjector.loadProvider (../node_modules/@nestjs/core/injector/injector.js:103:9)
      at ../node_modules/@nestjs/core/injector/instance-loader.js:56:13
          at async Promise.all (index 3)
      at TestingInstanceLoader.createInstancesOfProviders (../node_modules/@nestjs/core/injector/instance-loader.js:55:9)
      at ../node_modules/@nestjs/core/injector/instance-loader.js:40:13
          at async Promise.all (index 1)
      at TestingInstanceLoader.createInstances (../node_modules/@nestjs/core/injector/instance-loader.js:39:9)
      at TestingInstanceLoader.createInstancesOfDependencies (../node_modules/@nestjs/core/injector/instance-loader.js:22:13)
      at TestingInstanceLoader.createInstancesOfDependencies (../node_modules/@nestjs/testing/testing-instance-loader.js:9:9)
      at TestingModuleBuilder.createInstancesOfDependencies (../node_modules/@nestjs/testing/testing-module.builder.js:118:9)
      at TestingModuleBuilder.compile (../node_modules/@nestjs/testing/testing-module.builder.js:74:9)
      at Object.<anonymous> (modules/dispatcher/dispatcher.processor.spec.ts:56:39)

  ÔùÅ DispatcherProcessor ÔÇ║ should process a dispatch job successfully

    Nest can't resolve dependencies of the DispatcherProcessor (InstanceRepository, CampaignContactRepository, MessageVariationRepository, CampaignRepository, 
WhatsAppProviderFactory, HumanBehaviorService, PatternBreakerService, DelayGeneratorService, StackRouterService, AntiBanAnalyticsService, ?). Please make sure that the argument 
FlowsService at index [10] is available in the RootTestModule context.

    Potential solutions:
    - Is RootTestModule a valid NestJS module?
    - If FlowsService is a provider, is it part of the current RootTestModule?
    - If FlowsService is exported from a separate @Module, is that module imported within RootTestModule?
      @Module({
        imports: [ /* the Module containing FlowsService */ ]
      })

    For more common dependency resolution issues, see: https://docs.nestjs.com/faq/common-errors

    [0m [90m 54 |[39m         }[33m;[39m
     [90m 55 |[39m
    [31m[1m>[22m[39m[90m 56 |[39m         [36mconst[39m module[33m:[39m [33mTestingModule[39m [33m=[39m [36mawait[39m [33mTest[39m[33m.[39mcreateTestingModule({
     [90m    |[39m                                       [31m[1m^[22m[39m
     [90m 57 |[39m             providers[33m:[39m [
     [90m 58 |[39m                 [33mDispatcherProcessor[39m[33m,[39m
     [90m 59 |[39m                 { provide[33m:[39m getRepositoryToken([33mInstance[39m)[33m,[39m useValue[33m:[39m mockRepo }[33m,[39m[0m

      at TestingInjector.lookupComponentInParentModules (../node_modules/@nestjs/core/injector/injector.js:286:19)
      at TestingInjector.resolveComponentWrapper (../node_modules/@nestjs/testing/testing-injector.js:19:45)
      at resolveParam (../node_modules/@nestjs/core/injector/injector.js:140:38)
          at async Promise.all (index 10)
      at TestingInjector.resolveConstructorParams (../node_modules/@nestjs/core/injector/injector.js:169:27)
      at TestingInjector.loadInstance (../node_modules/@nestjs/core/injector/injector.js:75:13)
      at TestingInjector.loadProvider (../node_modules/@nestjs/core/injector/injector.js:103:9)
      at ../node_modules/@nestjs/core/injector/instance-loader.js:56:13
          at async Promise.all (index 3)
      at TestingInstanceLoader.createInstancesOfProviders (../node_modules/@nestjs/core/injector/instance-loader.js:55:9)
      at ../node_modules/@nestjs/core/injector/instance-loader.js:40:13
          at async Promise.all (index 1)
      at TestingInstanceLoader.createInstances (../node_modules/@nestjs/core/injector/instance-loader.js:39:9)
      at TestingInstanceLoader.createInstancesOfDependencies (../node_modules/@nestjs/core/injector/instance-loader.js:22:13)
      at TestingInstanceLoader.createInstancesOfDependencies (../node_modules/@nestjs/testing/testing-instance-loader.js:9:9)
      at TestingModuleBuilder.createInstancesOfDependencies (../node_modules/@nestjs/testing/testing-module.builder.js:118:9)
      at TestingModuleBuilder.compile (../node_modules/@nestjs/testing/testing-module.builder.js:74:9)
      at Object.<anonymous> (modules/dispatcher/dispatcher.processor.spec.ts:56:39)


Test Suites: 3 failed, 19 passed, 22 total
Tests:       17 failed, 262 passed, 279 total
Snapshots:   0 total
Time:        25.872 s
Ran all test suites.
[95m[Nest] 31508  - [39m15/01/2026, 12:40:07 [95m  DEBUG[39m [38;5;3m[WwebjsAdapter] [39m[95mPOST /client/sendStatePaused/test-instance[39m
[32m[Nest] 31508  - [39m15/01/2026, 12:40:07 [32m    LOG[39m [38;5;3m[WwebjsAdapter] [39m[32mWWebJS API configured: http://wwebjs-api:3000[39m
[95m[Nest] 31508  - [39m15/01/2026, 12:40:07 [95m  DEBUG[39m [38;5;3m[WwebjsAdapter] [39m[95mPOST /client/sendStateTyping/test-instance[39m
[33m[Nest] 31508  - [39m15/01/2026, 12:40:07 [33m   WARN[39m [38;5;3m[WwebjsAdapter] [39m[33mFailed to send presence: Network error[39m
[32m[Nest] 31508  - [39m15/01/2026, 12:40:07 [32m    LOG[39m [38;5;3m[WwebjsAdapter] [39m[32mWWebJS API configured: http://wwebjs-api:3000[39m
[95m[Nest] 31508  - [39m15/01/2026, 12:40:07 [95m  DEBUG[39m [38;5;3m[WwebjsAdapter] [39m[95mGET /client/isRegisteredUser/test-instance?contactId=5511999999999@c.us[39m
[32m[Nest] 31508  - [39m15/01/2026, 12:40:07 [32m    LOG[39m [38;5;3m[WwebjsAdapter] [39m[32mWWebJS API configured: http://wwebjs-api:3000[39m
[95m[Nest] 31508  - [39m15/01/2026, 12:40:07 [95m  DEBUG[39m [38;5;3m[WwebjsAdapter] [39m[95mGET /client/isRegisteredUser/test-instance?contactId=5511999999999@c.us[39m
[32m[Nest] 31508  - [39m15/01/2026, 12:40:07 [32m    LOG[39m [38;5;3m[WwebjsAdapter] [39m[32mWWebJS API configured: http://wwebjs-api:3000[39m
[95m[Nest] 31508  - [39m15/01/2026, 12:40:07 [95m  DEBUG[39m [38;5;3m[WwebjsAdapter] [39m[95mPOST /client/sendMessage/test-instance[39m
[32m[Nest] 31508  - [39m15/01/2026, 12:40:07 [32m    LOG[39m [38;5;3m[WwebjsAdapter] [39m[32mWWebJS API configured: http://wwebjs-api:3000[39m
[95m[Nest] 31508  - [39m15/01/2026, 12:40:07 [95m  DEBUG[39m [38;5;3m[WwebjsAdapter] [39m[95mGET /session/status/test-instance[39m
[32m[Nest] 31508  - [39m15/01/2026, 12:40:07 [32m    LOG[39m [38;5;3m[WwebjsAdapter] [39m[32mWWebJS API configured: http://wwebjs-api:3000[39m
[95m[Nest] 31508  - [39m15/01/2026, 12:40:07 [95m  DEBUG[39m [38;5;3m[WwebjsAdapter] [39m[95mGET /session/status/test-instance[39m
[95m[Nest] 31508  - [39m15/01/2026, 12:40:07 [95m  DEBUG[39m [38;5;3m[WwebjsAdapter] [39m[95mGET /session/status/test-instance[39m
[95m[Nest] 31508  - [39m15/01/2026, 12:40:07 [95m  DEBUG[39m [38;5;3m[WwebjsAdapter] [39m[95mGET /session/status/test-instance[39m
[95m[Nest] 31508  - [39m15/01/2026, 12:40:07 [95m  DEBUG[39m [38;5;3m[WwebjsAdapter] [39m[95mGET /session/status/test-instance[39m
[95m[Nest] 31508  - [39m15/01/2026, 12:40:07 [95m  DEBUG[39m [38;5;3m[WwebjsAdapter] [39m[95mGET /session/status/test-instance[39m
[95m[Nest] 31508  - [39m15/01/2026, 12:40:07 [95m  DEBUG[39m [38;5;3m[WwebjsAdapter] [39m[95mGET /session/status/test-instance[39m
